Warning: You are sending unauthenticated requests to the HF Hub. Please set a HF_TOKEN to enable higher rate limits and faster downloads.
8400 tokens x 24 contexts; clean-looking non-glitch: 3134; fragile (frag_test >= 0.1): 27  (base rate 0.009)

====================================================================================
PER-FEATURE:  predicting fragile (frag_test >= 0.10) among clean-looking tokens
====================================================================================
       tier |                    feature | spearman |    AUC |          95% CI
------------------------------------------------------------------------------------
    surface |              id (baseline) |   -0.495 |  0.173 | [0.081, 0.281]
    surface |         n_chars (baseline) |   -0.037 |  0.734 | [0.631, 0.836] *
    surface |   leading_space (baseline) |   -0.252 |  0.699 | [0.607, 0.784] *
    surface |           alpha (baseline) |   -0.507 |  0.581 | [0.511, 0.663]
    surface |           ascii (baseline) |   -0.127 |  0.850 | [0.789, 0.905] *
     static |                    norm_in |   +0.345 |  0.215 | [0.121, 0.326]
     static |                   norm_out |   -0.055 |  0.577 | [0.447, 0.699]
     static |                   cdist_in |   +0.346 |  0.218 | [0.123, 0.330]
     static |                  cdist_out |   -0.010 |  0.613 | [0.483, 0.734]
     static |                     nn_cos |   +0.213 |  0.438 | [0.331, 0.560]
     static |              knn10_density |   +0.262 |  0.563 | [0.458, 0.672]
     static |                  inout_cos |   +0.025 |  0.368 | [0.252, 0.490]
     static |                    dp_self |   +0.032 |  0.386 | [0.287, 0.496]
     static |              dp_competitor |   +0.285 |  0.227 | [0.127, 0.337]
     static |                  dp_margin |   -0.152 |  0.306 | [0.202, 0.415]
     static |                 glitch_dir |   -0.212 |  0.126 | [0.077, 0.182]
    dynamic |            text_spread_mid |   +0.216 |  0.308 | [0.197, 0.435]
    dynamic |           text_spread_last |   +0.059 |  0.708 | [0.613, 0.799] *
    dynamic |           copy_spread_last |   -0.016 |  0.244 | [0.144, 0.366]
    dynamic |    identity_retention_text |   +0.212 |  0.314 | [0.196, 0.439]
    dynamic |    identity_retention_copy |   +0.140 |  0.175 | [0.093, 0.284]
    dynamic |     identity_retention_min |   +0.197 |  0.130 | [0.092, 0.174]
    dynamic |             text_norm_mean |   +0.071 |  0.235 | [0.168, 0.312]
  behaviour |                   mu_train |   +0.093 |  0.022 | [0.006, 0.045]
  behaviour |                 frag_train |   +0.934 |  0.884 | [0.797, 0.964] *

====================================================================================
CROSS-VALIDATED LOGISTIC (5-fold, out-of-fold AUC) by tier
====================================================================================
                surface only: AUC 0.855  [0.775, 0.914]
             static geometry: AUC 0.781  [0.686, 0.860]
            static + surface: AUC 0.884  [0.846, 0.920]
        dynamic (train half): AUC 0.862  [0.792, 0.922]
            static + dynamic: AUC 0.865  [0.794, 0.924]
    behavioural (train half): AUC 0.945  [0.869, 0.994]
                  everything: AUC 0.976  [0.952, 0.994]

  paired bootstrap, improvement over 'surface only':
           static geometry: -0.075  95% CI [-0.182, +0.039]
      dynamic (train half): +0.006  95% CI [-0.079, +0.093]
          static + dynamic: +0.008  95% CI [-0.077, +0.097]

====================================================================================
CELL LEVEL: predicting fail(t,c) on test contexts among clean-looking tokens
====================================================================================
  cells: 18804  fail rate 0.0037
                                token frag (train): AUC 0.923
                  context hostility (other tokens): AUC 0.574
              cos(E_in[t], mean E_in[ctx])  static: AUC 0.667
       identity retention in THIS context  dynamic: AUC 0.635
  CV logistic: main effects only 0.942 | + static similarity 0.949 | + dynamic retention 0.928

====================================================================================
PRE-REGISTERED VERDICT
====================================================================================
  best surface-baseline single-feature AUC: 0.850;  surface-only CV AUC 0.855
         static geometry: CV AUC 0.781 [0.686,0.860]  -> fail
    dynamic (train half): CV AUC 0.862 [0.792,0.922]  -> PASS
        static + dynamic: CV AUC 0.865 [0.794,0.924]  -> PASS
  behavioural (train half) for reference: 0.945

saved -> results/fragility_predict_qwen3_32b_r2_greedy.json
