Warning: You are sending unauthenticated requests to the HF Hub. Please set a HF_TOKEN to enable higher rate limits and faster downloads.
8400 tokens x 24 contexts; clean-looking non-glitch: 3258; fragile (frag_test >= 0.1): 28  (base rate 0.009)

====================================================================================
PER-FEATURE:  predicting fragile (frag_test >= 0.10) among clean-looking tokens
====================================================================================
       tier |                    feature | spearman |    AUC |          95% CI
------------------------------------------------------------------------------------
    surface |              id (baseline) |   -0.521 |  0.355 | [0.286, 0.428]
    surface |         n_chars (baseline) |   +0.030 |  0.486 | [0.363, 0.604]
    surface |   leading_space (baseline) |   -0.557 |  0.499 | [0.498, 0.500]
    surface |           alpha (baseline) |   -0.543 |  0.509 | [0.489, 0.550]
    surface |           ascii (baseline) |   +0.068 |  0.270 | [0.198, 0.352]
     static |                    norm_in |   +0.395 |  0.237 | [0.163, 0.316]
     static |                   norm_out |   +0.230 |  0.372 | [0.278, 0.461]
     static |                   cdist_in |   +0.395 |  0.237 | [0.164, 0.316]
     static |                  cdist_out |   +0.289 |  0.335 | [0.257, 0.412]
     static |                     nn_cos |   +0.019 |  0.531 | [0.426, 0.630]
     static |              knn10_density |   -0.060 |  0.469 | [0.378, 0.559]
     static |                  inout_cos |   +0.030 |  0.460 | [0.342, 0.578]
     static |                    dp_self |   +0.091 |  0.427 | [0.326, 0.527]
     static |              dp_competitor |   +0.347 |  0.264 | [0.191, 0.354]
     static |                  dp_margin |   -0.161 |  0.398 | [0.292, 0.511]
     static |                 glitch_dir |   +0.193 |  0.590 | [0.491, 0.683]
    dynamic |            text_spread_mid |   +0.255 |  0.281 | [0.191, 0.375]
    dynamic |           text_spread_last |   +0.089 |  0.592 | [0.471, 0.710]
    dynamic |           copy_spread_last |   +0.346 |  0.263 | [0.166, 0.370]
    dynamic |    identity_retention_text |   -0.110 |  0.440 | [0.337, 0.561]
    dynamic |    identity_retention_copy |   +0.399 |  0.250 | [0.169, 0.334]
    dynamic |     identity_retention_min |   +0.349 |  0.268 | [0.188, 0.357]
    dynamic |             text_norm_mean |   -0.145 |  0.468 | [0.332, 0.610]
  behaviour |                   mu_train |   +0.360 |  0.032 | [0.003, 0.072]
  behaviour |                 frag_train |   +0.952 |  0.926 | [0.855, 0.997] *

====================================================================================
CROSS-VALIDATED LOGISTIC (5-fold, out-of-fold AUC) by tier
====================================================================================
                surface only: AUC 0.656  [0.550, 0.756]
             static geometry: AUC 0.711  [0.622, 0.796]
            static + surface: AUC 0.724  [0.637, 0.811]
        dynamic (train half): AUC 0.827  [0.746, 0.897]
            static + dynamic: AUC 0.809  [0.731, 0.881]
    behavioural (train half): AUC 0.955  [0.891, 0.997]
                  everything: AUC 0.935  [0.868, 0.990]

  paired bootstrap, improvement over 'surface only':
           static geometry: +0.056  95% CI [-0.078, +0.186]
      dynamic (train half): +0.170  95% CI [+0.085, +0.267]   *
          static + dynamic: +0.154  95% CI [+0.062, +0.255]   *

====================================================================================
CELL LEVEL: predicting fail(t,c) on test contexts among clean-looking tokens
====================================================================================
  cells: 19548  fail rate 0.0048
                                token frag (train): AUC 0.867
                  context hostility (other tokens): AUC 0.443
              cos(E_in[t], mean E_in[ctx])  static: AUC 0.455
       identity retention in THIS context  dynamic: AUC 0.416
  CV logistic: main effects only 0.879 | + static similarity 0.874 | + dynamic retention 0.861

====================================================================================
PRE-REGISTERED VERDICT
====================================================================================
  best surface-baseline single-feature AUC: 0.509;  surface-only CV AUC 0.656
         static geometry: CV AUC 0.711 [0.622,0.796]  -> PASS
    dynamic (train half): CV AUC 0.827 [0.746,0.897]  -> PASS
        static + dynamic: CV AUC 0.809 [0.731,0.881]  -> PASS
  behavioural (train half) for reference: 0.955

saved -> results/fragility_predict_qwen38_27b.json
