Warning: You are sending unauthenticated requests to the HF Hub. Please set a HF_TOKEN to enable higher rate limits and faster downloads.
8400 tokens x 24 contexts; clean-looking non-glitch: 3483; fragile (frag_test >= 0.1): 112  (base rate 0.032)

====================================================================================
PER-FEATURE:  predicting fragile (frag_test >= 0.10) among clean-looking tokens
====================================================================================
       tier |                    feature | spearman |    AUC |          95% CI
------------------------------------------------------------------------------------
    surface |              id (baseline) |   -0.388 |  0.210 | [0.167, 0.259]
    surface |         n_chars (baseline) |   +0.005 |  0.340 | [0.278, 0.396]
    surface |   leading_space (baseline) |   -0.214 |  0.649 | [0.601, 0.693]
    surface |           alpha (baseline) |   -0.384 |  0.525 | [0.499, 0.555]
    surface |           ascii (baseline) |   -0.053 |  0.760 | [0.720, 0.802] *
     static |                    norm_in |   +0.220 |  0.169 | [0.127, 0.219]
     static |                   norm_out |   -0.123 |  0.376 | [0.319, 0.438]
     static |                   cdist_in |   +0.220 |  0.171 | [0.129, 0.222]
     static |                  cdist_out |   -0.080 |  0.475 | [0.408, 0.545]
     static |                     nn_cos |   +0.187 |  0.370 | [0.316, 0.427]
     static |              knn10_density |   +0.220 |  0.375 | [0.325, 0.430]
     static |                  inout_cos |   +0.007 |  0.421 | [0.370, 0.472]
     static |                    dp_self |   +0.012 |  0.430 | [0.384, 0.476]
     static |              dp_competitor |   +0.080 |  0.264 | [0.204, 0.331]
     static |                  dp_margin |   -0.031 |  0.305 | [0.245, 0.367]
     static |                 glitch_dir |   -0.002 |  0.258 | [0.213, 0.308]
    dynamic |            text_spread_mid |   +0.119 |  0.201 | [0.171, 0.233]
    dynamic |           text_spread_last |   +0.121 |  0.482 | [0.416, 0.545]
    dynamic |           copy_spread_last |   +0.080 |  0.508 | [0.453, 0.568]
    dynamic |    identity_retention_text |   +0.040 |  0.487 | [0.428, 0.547]
    dynamic |    identity_retention_copy |   +0.053 |  0.307 | [0.267, 0.362]
    dynamic |     identity_retention_min |   +0.056 |  0.316 | [0.271, 0.366]
    dynamic |             text_norm_mean |   -0.012 |  0.690 | [0.645, 0.734] *
  behaviour |                   mu_train |   -0.023 |  0.986 | [0.980, 0.991] *
  behaviour |                 frag_train |   +0.860 |  0.933 | [0.900, 0.962] *

====================================================================================
CROSS-VALIDATED LOGISTIC (5-fold, out-of-fold AUC) by tier
====================================================================================
                surface only: AUC 0.795  [0.752, 0.834]
             static geometry: AUC 0.845  [0.802, 0.881]
            static + surface: AUC 0.849  [0.804, 0.886]
        dynamic (train half): AUC 0.824  [0.785, 0.858]
            static + dynamic: AUC 0.858  [0.821, 0.888]
    behavioural (train half): AUC 0.983  [0.974, 0.990]
                  everything: AUC 0.951  [0.916, 0.977]

  paired bootstrap, improvement over 'surface only':
           static geometry: +0.050  95% CI [+0.019, +0.080]   *
      dynamic (train half): +0.030  95% CI [-0.005, +0.063]
          static + dynamic: +0.063  95% CI [+0.031, +0.097]   *

====================================================================================
CELL LEVEL: predicting fail(t,c) on test contexts among clean-looking tokens
====================================================================================
  cells: 20904  fail rate 0.0160
                                token frag (train): AUC 0.886
                  context hostility (other tokens): AUC 0.567
              cos(E_in[t], mean E_in[ctx])  static: AUC 0.340
       identity retention in THIS context  dynamic: AUC 0.570
  CV logistic: main effects only 0.927 | + static similarity 0.925 | + dynamic retention 0.928

====================================================================================
PRE-REGISTERED VERDICT
====================================================================================
  best surface-baseline single-feature AUC: 0.760;  surface-only CV AUC 0.795
         static geometry: CV AUC 0.845 [0.802,0.881]  -> PASS
    dynamic (train half): CV AUC 0.824 [0.785,0.858]  -> PASS
        static + dynamic: CV AUC 0.858 [0.821,0.888]  -> PASS
  behavioural (train half) for reference: 0.983

saved -> results/fragility_predict_qwen25_7b.json
