resumed from runs/s2/branch_256.pt at step 256
arm=reinit  params=23.2M  vocab=16384  device=cuda
  reinit: 2185 rows adjusted (true count < 100)
  step    500  loss  5.567    0.5 min
  step   1000  loss  5.014    1.3 min
  step   1500  loss  4.760    2.1 min
  step   2000  loss  4.574    2.8 min
  step   2500  loss  4.403    3.6 min
  step   3000  loss  4.268    4.3 min
  step   3500  loss  4.176    5.1 min
  step   4000  loss  4.094    5.9 min
  step   4500  loss  4.041    6.6 min
  step   5000  loss  3.993    7.4 min
  step   5500  loss  3.939    8.2 min
  step   6000  loss  3.896    8.9 min
  step   6500  loss  3.851    9.7 min
  step   7000  loss  3.833   10.5 min
  step   7500  loss  3.802   11.2 min
  step   8000  loss  3.773   12.0 min
  step   8500  loss  3.736   12.8 min
  step   9000  loss  3.717   13.5 min
  step   9500  loss  3.674   14.3 min
  step  10000  loss  3.677   15.1 min
  step  10500  loss  3.633   15.8 min
  step  11000  loss  3.636   16.6 min
  step  11500  loss  3.617   17.4 min
  step  12000  loss  3.603   18.1 min
  step  12500  loss  3.599   18.9 min
  step  13000  loss  3.587   19.7 min
  step  13500  loss  3.576   20.4 min

arm=reinit  val loss 3.6287  (21.2 min)
saved -> runs/s2/reinit
