resumed from runs/s3/branch_256.pt at step 256
arm=reinit  params=23.2M  vocab=16384  device=cuda
  reinit: 2185 rows adjusted (true count < 100)
  step    500  loss  5.569    0.4 min
  step   1000  loss  5.018    1.2 min
  step   1500  loss  4.773    1.9 min
  step   2000  loss  4.584    2.6 min
  step   2500  loss  4.412    3.4 min
  step   3000  loss  4.269    4.2 min
  step   3500  loss  4.178    5.0 min
  step   4000  loss  4.099    5.7 min
  step   4500  loss  4.037    6.5 min
  step   5000  loss  3.978    7.3 min
  step   5500  loss  3.936    8.1 min
  step   6000  loss  3.905    8.9 min
  step   6500  loss  3.851    9.7 min
  step   7000  loss  3.829   10.5 min
  step   7500  loss  3.789   11.3 min
  step   8000  loss  3.756   12.1 min
  step   8500  loss  3.739   12.9 min
  step   9000  loss  3.713   13.7 min
  step   9500  loss  3.694   14.5 min
  step  10000  loss  3.679   15.3 min
  step  10500  loss  3.652   16.1 min
  step  11000  loss  3.641   16.9 min
  step  11500  loss  3.626   17.7 min
  step  12000  loss  3.602   18.5 min
  step  12500  loss  3.584   19.3 min
  step  13000  loss  3.593   20.1 min
  step  13500  loss  3.568   20.9 min

arm=reinit  val loss 3.6296  (21.7 min)
saved -> runs/s3/reinit
