resumed from runs/s5/branch_256.pt at step 256
arm=freeze  params=23.2M  vocab=16384  device=cuda
  reinit: 2185 rows adjusted (true count < 100)
  freeze: 2185 rows held fixed for the rest of training
  step    500  loss  5.616    0.4 min
  step   1000  loss  5.070    1.3 min
  step   1500  loss  4.817    2.2 min
  step   2000  loss  4.628    3.1 min
  step   2500  loss  4.504    3.9 min
  step   3000  loss  4.346    4.9 min
  step   3500  loss  4.245    5.8 min
  step   4000  loss  4.155    6.5 min
  step   4500  loss  4.085    7.0 min
  step   5000  loss  4.036    7.4 min
  step   5500  loss  3.998    7.8 min
  step   6000  loss  3.938    8.3 min
  step   6500  loss  3.915    8.7 min
  step   7000  loss  3.862    9.1 min
  step   7500  loss  3.847    9.5 min
  step   8000  loss  3.799    9.9 min
  step   8500  loss  3.769   10.4 min
  step   9000  loss  3.748   10.8 min
  step   9500  loss  3.740   11.2 min
  step  10000  loss  3.713   11.6 min
  step  10500  loss  3.702   12.0 min
  step  11000  loss  3.671   12.4 min
  step  11500  loss  3.666   12.9 min
  step  12000  loss  3.644   13.3 min
  step  12500  loss  3.640   13.7 min
  step  13000  loss  3.628   14.1 min
  step  13500  loss  3.623   14.5 min

arm=freeze  val loss 3.6710  (15.0 min)
saved -> runs/s5/freeze
