resumed from runs/s5/branch_256.pt at step 256
arm=mask  params=23.2M  vocab=16384  device=cuda
  mask: 711 never-occurring tokens removed from softmax
  step    500  loss  5.587    0.4 min
  step   1000  loss  5.047    1.3 min
  step   1500  loss  4.793    2.1 min
  step   2000  loss  4.600    2.8 min
  step   2500  loss  4.451    3.3 min
  step   3000  loss  4.299    3.7 min
  step   3500  loss  4.205    4.1 min
  step   4000  loss  4.116    4.6 min
  step   4500  loss  4.049    5.0 min
  step   5000  loss  4.002    5.4 min
  step   5500  loss  3.964    5.8 min
  step   6000  loss  3.906    6.2 min
  step   6500  loss  3.884    6.7 min
  step   7000  loss  3.832    7.1 min
  step   7500  loss  3.818    7.5 min
  step   8000  loss  3.772    7.9 min
  step   8500  loss  3.742    8.3 min
  step   9000  loss  3.722    8.8 min
  step   9500  loss  3.715    9.2 min
  step  10000  loss  3.687    9.6 min
  step  10500  loss  3.676   10.0 min
  step  11000  loss  3.646   10.4 min
  step  11500  loss  3.643   10.9 min
  step  12000  loss  3.620   11.3 min
  step  12500  loss  3.616   11.5 min
  step  13000  loss  3.605   11.7 min
  step  13500  loss  3.600   11.9 min

arm=mask  val loss 3.6462  (12.1 min)
saved -> runs/s5/mask
