Warning: You are sending unauthenticated requests to the HF Hub. Please set a HF_TOKEN to enable higher rate limits and faster downloads.
Loading weights:   0%|          | 0/179 [00:00<?, ?it/s]Loading weights:  64%|██████▍   | 115/179 [00:00<00:00, 1117.25it/s]Loading weights: 100%|██████████| 179/179 [00:00<00:00, 1217.43it/s]
allenai/OLMo-2-0425-1B: V=100352 tied=False |E_in| 10.6527
  copy probe over full vocab...
Loading weights:   0%|          | 0/179 [00:00<?, ?it/s]Loading weights:  39%|███▉      | 70/179 [00:00<00:00, 695.17it/s]Loading weights: 100%|██████████| 179/179 [00:00<00:00, 998.25it/s]
allenai/OLMo-2-0425-1B-SFT: V=100352 tied=False |E_in| 9.8247
  copy probe over full vocab...
Loading weights:   0%|          | 0/179 [00:00<?, ?it/s]Loading weights:  31%|███▏      | 56/179 [00:00<00:00, 529.76it/s]Loading weights:  69%|██████▊   | 123/179 [00:00<00:00, 600.53it/s]Loading weights: 100%|██████████| 179/179 [00:00<00:00, 574.46it/s]
allenai/OLMo-2-0425-1B-DPO: V=100352 tied=False |E_in| 9.8247
  copy probe over full vocab...
Loading weights:   0%|          | 0/179 [00:00<?, ?it/s]Loading weights:  58%|█████▊    | 104/179 [00:00<00:00, 1014.73it/s]Loading weights: 100%|██████████| 179/179 [00:00<00:00, 1141.94it/s]
allenai/OLMo-2-0425-1B-Instruct: V=100352 tied=False |E_in| 9.8247
  copy probe over full vocab...
Traceback (most recent call last):
  File "/usr/lib/python3.10/runpy.py", line 196, in _run_module_as_main
    return _run_code(code, main_globals, None,
  File "/usr/lib/python3.10/runpy.py", line 86, in _run_code
    exec(code, run_globals)
  File "/home/ubuntu/glitch/src/cut/stagewise.py", line 179, in <module>
    main()
  File "/home/ubuntu/glitch/src/cut/stagewise.py", line 156, in main
    r = spearmanr(s[mask], -delta[mask]).statistic
AttributeError: 'SpearmanrResult' object has no attribute 'statistic'

==============================================================================
1. COVERAGE -- how much of the vocabulary does each stage actually touch?
==============================================================================
                        transition | zero-resid rows |    frac | median resid
------------------------------------------------------------------------------
                         1B -> SFT |               2 |  0.0000 |    1.439e+01
                        SFT -> DPO |            2696 |  0.0269 |    1.411e-03
                   DPO -> Instruct |            1683 |  0.0168 |    3.621e-04

==============================================================================
2. DAMAGE -- glitch sets per stage, defined by the copy probe
==============================================================================
threshold = base-model 1.0th pct of copy-logprob = -14.308
                             stage | n below thr |   mean lp | new vs base |  healed
----------------------------------------------------------------------------------
            allenai/OLMo-2-0425-1B |        1004 |    -3.704 |           0 |       0
        allenai/OLMo-2-0425-1B-SFT |         523 |    -3.013 |         178 |     659
        allenai/OLMo-2-0425-1B-DPO |         763 |    -3.353 |         401 |     642
   allenai/OLMo-2-0425-1B-Instruct |         924 |    -3.600 |         522 |     602

tokens healthy at base but below threshold after post-training: 522
  examples: ["'{\\r\\n'", "'.Add'", "'\\tthis'", "'\\tString'", "'ccording'", "'\\tswitch'", "'\\tvirtual'", "'\\tget'", "'/**************", "'ESSAGE'", "'(){\\r\\n'", "'*/\\r\\n'", "'=>{\\n'", "'\\\\Request'", "'spNet'"]

==============================================================================
3. DOES POST-TRAINING GRADIENT SPARSITY PREDICT THE DAMAGE?
AUC of (low token-specific residual during post-training) vs (degraded)
==============================================================================
                         predictor |  AUC vs newly-glitched |  spearman vs delta lp
----------------------------------------------------------------------------------
