Warning: You are sending unauthenticated requests to the HF Hub. Please set a HF_TOKEN to enable higher rate limits and faster downloads.
Loading weights:   0%|          | 0/355 [00:00<?, ?it/s]Loading weights:  16%|█▋        | 58/355 [00:00<00:00, 537.00it/s]Loading weights:  32%|███▏      | 112/355 [00:00<00:00, 480.64it/s]Loading weights:  45%|████▌     | 161/355 [00:00<00:00, 432.49it/s]Loading weights:  58%|█████▊    | 205/355 [00:00<00:00, 421.85it/s]Loading weights:  70%|██████▉   | 248/355 [00:00<00:00, 402.38it/s]Loading weights:  81%|████████▏ | 289/355 [00:00<00:00, 401.80it/s]Loading weights:  94%|█████████▍| 333/355 [00:00<00:00, 412.35it/s]Loading weights: 100%|██████████| 355/355 [00:00<00:00, 429.55it/s]
allenai/OLMo-2-1124-7B-Instruct: 96 glitch vs 96 healthy seeds, 192 steps, cuda
  layers probed: {'mid': 16, 'last': 32}
  0/192
  32/192
  64/192
  96/192
  128/192
  160/192

==========================================================================
TOPOLOGY OF THE COMPLETION TRAJECTORY
==========================================================================
         feature |     glitch |    healthy |     AUC |           95% CI
----------------------------------------------------------------------
      mid:H0_sum |    88.1720 |    88.2191 |   0.518 | [0.436, 0.600]
      mid:H0_max |     0.7843 |     0.7829 |   0.452 | [0.369, 0.541]
        mid:H0_n |   190.5104 |   190.0833 |   0.526 | [0.469, 0.583]
      mid:H1_sum |    13.8667 |    13.6639 |   0.521 | [0.437, 0.603]
      mid:H1_max |     0.2625 |     0.2628 |   0.512 | [0.429, 0.597]
        mid:H1_n |   100.6354 |    99.6354 |   0.523 | [0.439, 0.607]
     last:H0_sum |    87.6613 |    89.1655 |   0.440 | [0.354, 0.525]
     last:H0_max |     0.8346 |     0.8230 |   0.557 | [0.477, 0.641]
       last:H0_n |   189.8958 |   189.8021 |   0.513 | [0.450, 0.574]
     last:H1_sum |    12.0213 |    12.4126 |   0.438 | [0.356, 0.516]
     last:H1_max |     0.2579 |     0.2510 |   0.588 | [0.507, 0.667] *
       last:H1_n |    89.7812 |    92.7917 |   0.433 | [0.352, 0.517]
             rep |     0.4743 |     0.4704 |   0.506 | [0.424, 0.589]
        distinct |   100.9271 |   101.6875 |   0.494 | [0.416, 0.574]

==========================================================================
CONTROL: is H1 just measuring repetition?
==========================================================================
  corr(mid:H0_sum, repetition rate) = -0.651
  corr(mid:H1_sum, repetition rate) = +0.293
  corr(mid:H1_max, repetition rate) = +0.168
  corr(mid:H1_n, repetition rate) = +0.219
  corr(last:H0_sum, repetition rate) = -0.670
  corr(last:H1_sum, repetition rate) = -0.170
  corr(last:H1_max, repetition rate) = +0.074
  corr(last:H1_n, repetition rate) = -0.217
  AUC of repetition rate alone = 0.506

  within-stratum AUC (median repetition split at 0.469):
     feature |   low-rep |  high-rep
------------------------------------
  mid:H1_sum |     0.493 |     0.561
  mid:H1_max |     0.524 |     0.502
    mid:H1_n |     0.501 |     0.559
 last:H1_sum |     0.424 |     0.449
 last:H1_max |     0.541 |     0.657
   last:H1_n |     0.402 |     0.459

saved -> results/traj_topology_powered.json
