Warning: You are sending unauthenticated requests to the HF Hub. Please set a HF_TOKEN to enable higher rate limits and faster downloads.
Loading weights:   0%|          | 0/355 [00:00<?, ?it/s]Loading weights:  13%|█▎        | 47/355 [00:00<00:00, 452.12it/s]Loading weights:  26%|██▌       | 93/355 [00:00<00:00, 422.34it/s]Loading weights:  38%|███▊      | 136/355 [00:00<00:00, 411.18it/s]Loading weights:  50%|█████     | 178/355 [00:00<00:00, 406.28it/s]Loading weights:  62%|██████▏   | 221/355 [00:00<00:00, 413.93it/s]Loading weights:  75%|███████▍  | 266/355 [00:00<00:00, 411.52it/s]Loading weights:  87%|████████▋ | 308/355 [00:00<00:00, 407.91it/s]Loading weights: 100%|██████████| 355/355 [00:00<00:00, 423.03it/s]
only 1 FDR-significant pairs; running top-40 by I as EXPLORATORY (cannot confirm anything)
40 pairs, 0 on the repetition diagonal, exploratory
225 reasoning prompts...

==========================================================================
REASONING-MODE CONFIRMATION  (survivors vs matched-partner controls)
==========================================================================
                           |  survivor | matched ctrl
------------------------------------------------------
    failure (strict match) |     0.287 |        0.200
failure (case/punct-insens.) |     0.100 |        0.087   <- primary
              substitution |     0.050 |        0.031

  paired difference, failure     : +0.013  95% CI [-0.069, +0.094]
  paired difference, substitution: +0.019  95% CI [-0.031, +0.075]

  PRE-REGISTERED: screen transfers to reasoning-mode behaviour: False
  (exploratory: nothing survived FDR, so this cannot confirm anything)

  sample survivor failures:
    ctx ' video le mildly forwardcallee less'
    -> ' "video le mildly forward callee less"\n\nStep 1: Identify the words\n- "video" is a'
    ctx ' video leuil forward add less la parts show required Garrett educ'
    -> ' "video loop forward add less la parts show required Garrett educ"\n\nStep 1: Break down the words\n- "video" refers to'
    ctx ' video leSentence forwardcallee less'
    -> ' "video less forward callee"\n\nStep 1: Break down the words\n- "video" means a recording'
    ctx ' video leSentence forward add less la parts show requiredcallee educ'
    -> ' "video less parts show required callee educ"\n\nStep 1: Break down the text into individual words.\n- "video" - a medium'
    ctx ' video le Patriots forward broadly less'
    -> ' "video le patriots forward broadway less" which is not understandable in English. It seems to be a'
    ctx ' video leTeen forward add less la parts show requiredAppBundle educ'
    -> ' "video leTeen forward add less la parts show requiredAppBundle edu"\n\nStep 1: Break down the text into individual words and phrases.\n'

(0 significant repetition pairs; attention check needs 3)

saved -> results/interaction_confirm_v2.json
