Warning: You are sending unauthenticated requests to the HF Hub. Please set a HF_TOKEN to enable higher rate limits and faster downloads.
Loading weights:   0%|          | 0/355 [00:00<?, ?it/s]Loading weights:  16%|█▌        | 57/355 [00:00<00:00, 552.20it/s]Loading weights:  32%|███▏      | 113/355 [00:00<00:00, 494.23it/s]Loading weights:  46%|████▌     | 163/355 [00:00<00:00, 449.56it/s]Loading weights:  59%|█████▉    | 209/355 [00:00<00:00, 436.47it/s]Loading weights:  71%|███████▏  | 253/355 [00:00<00:00, 416.28it/s]Loading weights:  83%|████████▎ | 295/355 [00:00<00:00, 409.10it/s]Loading weights:  95%|█████████▍| 336/355 [00:00<00:00, 389.38it/s]Loading weights: 100%|██████████| 355/355 [00:00<00:00, 436.56it/s]
allenai/OLMo-2-1124-7B-Instruct: 600 candidates -> single-token reproduction filter...
  individually clean: 482/600; weak (copy lp in (-3.0,-0.3)): 68; pool N=64 = 32 weak + 32 clean
  weak sample: ["'Forward':-0.47", "'XP':-2.67", "'Hey':-1.24", "' carbohydr':-2.94", "' stringWithFormat':-1.20", "'razione':-2.69"]
  sample: ["'ml'", "'chema'", "' views'", "'otos'", "' pars'", '\' "${\'', "' cref'", "' Disc'"]
  filler: 1985 clean common words -> 3 sequences of 132
  F1 starts:  two three otherwise cross exist part memory je
  positive-control glitch tokens: ["'.createSequentialGroup'", "'ETweet'", "'queueReusableCell'"]
  replicates R=14 (distances [2, 4, 8, 16, 32, 64, 128] x 2 fillers), cells 63014
  scoring replicate 1/14  d=2 filler=0  (4501 cells)
  scoring replicate 2/14  d=2 filler=1  (4501 cells)
  scoring replicate 3/14  d=4 filler=0  (4501 cells)
  scoring replicate 4/14  d=4 filler=1  (4501 cells)
  scoring replicate 5/14  d=8 filler=0  (4501 cells)
  scoring replicate 6/14  d=8 filler=1  (4501 cells)
  scoring replicate 7/14  d=16 filler=0  (4501 cells)
  scoring replicate 8/14  d=16 filler=1  (4501 cells)
  scoring replicate 9/14  d=32 filler=0  (4501 cells)
  scoring replicate 10/14  d=32 filler=1  (4501 cells)
  scoring replicate 11/14  d=64 filler=0  (4501 cells)
  scoring replicate 12/14  d=64 filler=1  (4501 cells)
  scoring replicate 13/14  d=128 filler=0  (4501 cells)
  scoring replicate 14/14  d=128 filler=1  (4501 cells)

==============================================================================
SCORER SANITY -- positive control (slot-position copy logprob)
==============================================================================
  clean pool singles: S10 -0.100  S01 -0.074   controls S00 -0.000 (replicate sd 0.001)
  glitch '.createSequentialGroup': S10 -3.426   S01 -3.169
  glitch           'ETweet': S10 -4.610   S01 -4.886
  glitch 'queueReusableCell': S10 -2.877   S01 -2.931
  -> positive controls fall >2 sd below the clean pool: True

  simulating matched no-interaction datasets for the verdict threshold...

==============================================================================
INTERACTION SCREEN  (pooled over all replicates)
==============================================================================
  pool N=64, replicates R=14, control pairs 3, permutations 1000
  corr(control-based I, additive residual): 0.831
  I off-diagonal: mean +0.0037  sd 0.0545    diagonal (repetition): mean -0.0130  sd 0.1119
  median cell noise sd 0.0131 logprob

  BH-FDR q=0.05: 1 significant off-diagonal of 4032, 1 diagonal of 64
  matched-null simulations (20): rejections [3, 3, 3, 5, 6, 6, 6, 7, 7, 8, 8, 8, 8, 9, 10, 12, 13, 13, 14, 16]  -> 95th pct 14
  family-wise: max|z| 13.970 vs 95% threshold 11.064   p = 0.005
  power (recovery of an injected effect, 5 sims each): 1.0x noise -> 0.2  1.5x noise -> 0.0  2.0x noise -> 0.0  3.0x noise -> 0.6

  repetition diagonal as a group: mean z -0.547, mean I -0.0130, permutation p 0.000

==============================================================================
INTERACTION BY DISTANCE
==============================================================================
    d | I off-diag mean       sd | I repetition mean       sd | filler agreement
----------------------------------------------------------------------------------
    2 |         +0.0154   0.1516 |           -0.0166   0.1878 |            0.284
    4 |         -0.0017   0.1082 |           +0.0078   0.1781 |            0.269
    8 |         +0.0034   0.0640 |           +0.0118   0.1150 |            0.217
   16 |         -0.0016   0.0574 |           -0.0082   0.0860 |            0.214
   32 |         +0.0011   0.0431 |           -0.0151   0.1822 |            0.399
   64 |         +0.0011   0.0396 |           -0.0087   0.1475 |            0.498
  128 |         +0.0082   0.0413 |           -0.0624   0.2889 |            0.226

  banded tests (each band its own permutation null):
  band |   R | sig off | sig diag |  fwer p
----------------------------------------------
 short |   6 |       0 |        0 |   0.132
   mid |   4 |       0 |        0 |   0.578
  long |   4 |       3 |       10 |   0.000

==============================================================================
PRE-REGISTERED VERDICT
==============================================================================
  NO detectable non-contiguous interaction at this power:
    significant pairs 1 vs matched-null 95th pct 14;  family-wise p 0.005
    power: effects of []x cell noise (0.013 logprob) would have been recovered

  most negative I (pair worse than its parts):
    ' /************************************************************************' @i + ' <|'          @j  I=-0.7592  p_adj=0.199  worst d=2
    ' /************************************************************************' @i + ' /************************************************************************' @j  I=-0.6927  p_adj=0.232  worst d=128  (repeat)
    ' /************************************************************************' @i + ' 해'           @j  I=-0.5631  p_adj=0.232  worst d=4
      ' carbohydr' @i + ' estava'      @j  I=-0.5429  p_adj=0.232  worst d=2
    ' /************************************************************************' @i + ' stringWithFormat' @j  I=-0.5306  p_adj=0.232  worst d=2
    ' /************************************************************************' @i + ' simplify'    @j  I=-0.4175  p_adj=0.232  worst d=2
      ' carbohydr' @i + ' voor'        @j  I=-0.4051  p_adj=0.232  worst d=4
    ' /************************************************************************' @i + 'Python'       @j  I=-0.3726  p_adj=0.232  worst d=2
            ' "${' @i + ' stringWithFormat' @j  I=-0.3150  p_adj=0.232  worst d=2
              ' 해' @i + 'razione'      @j  I=-0.3041  p_adj=0.199  worst d=16

==============================================================================
FRAGILITY -- tokens that fail to copy in SOME contexts (S11 slot lp < -0.5)
==============================================================================
  failing cells: 5697 of 57344 (0.0993)
    ' /************************************************************************'  as a:  896   as b:  896   (weak)
           ' estava'  as a:  482   as b:  782   (weak)
        ' carbohydr'  as a:  876   as b:  303   (weak)
              ');\\'  as a:  204   as b:  283   (weak)
           'razione'  as a:  349   as b:   61   (weak)
    ' stringWithFormat'  as a:   57   as b:  220   (weak)
             'iesel'  as a:  183   as b:   52   (weak)
          'district'  as a:  188   as b:   44   (weak)
  share of failing cells in the 5 most fragile tokens: 0.450
  same-d failures across fillers (d, f0, f1, both): (2, 638, 423, 328)  (4, 480, 515, 300)  (8, 455, 385, 263)  (16, 350, 284, 228)  (32, 349, 191, 178)  (64, 507, 312, 252)  (128, 478, 330, 259)

  cell-type breakdown (a-kind x b-kind):
             type |     n |   mean I | mean S11 |  sig
    clean x clean |   992 |  +0.0011 |   -0.027 |    0
     clean x weak |  1024 |  +0.0030 |   -0.146 |    0
     weak x clean |  1024 |  +0.0033 |   -0.195 |    0
      weak x weak |   992 |  +0.0076 |   -0.313 |    1

saved -> results/interaction_screen_mixed.json, results/interaction_screen_mixed.pt
