  error: subprocess-exited-with-error
  
  × Building wheel for causal-conv1d (pyproject.toml) did not run successfully.
  │ exit code: 1
  ╰─> [108 lines of output]
      /tmp/pip-build-env-gne7lsut/overlay/lib/python3.10/site-packages/wheel/bdist_wheel.py:4: FutureWarning: The 'wheel' package is no longer the canonical location of the 'bdist_wheel' command, and will be removed in a future release. Please update to setuptools v70.1 or later which contains an integrated version of this command.
        warn(
      /tmp/pip-build-env-gne7lsut/overlay/lib/python3.10/site-packages/torch/_subclasses/functional_tensor.py:368: UserWarning: Failed to initialize NumPy: No module named 'numpy' (Triggered internally at /__w/pytorch/pytorch/torch/csrc/utils/tensor_numpy.cpp:84.)
        cpu = _conversion_method_template(device=torch.device("cpu"))
      /tmp/pip-build-env-gne7lsut/overlay/lib/python3.10/site-packages/setuptools/dist.py:765: SetuptoolsDeprecationWarning: License classifiers are deprecated.
      !!
      
              ********************************************************************************
              Please consider removing the following classifiers in favor of a SPDX license expression:
      
              License :: OSI Approved :: BSD License
      
              See https://packaging.python.org/en/latest/guides/writing-pyproject-toml/#license for details.
              ********************************************************************************
      
      !!
        self._finalize_license_expression()
      
      
      torch.__version__  = 2.14.0+cu130
      
      
      running bdist_wheel
      W0907 23:33:04.759000 33658 torch/utils/cpp_extension.py:786] Attempted to use ninja as the BuildExtension backend but we could not find ninja.. Falling back to using the slow distutils backend.
      Guessing wheel URL:  https://github.com/Dao-AILab/causal-conv1d/releases/download/v1.7.0/causal_conv1d-1.7.0+cu13torch2.14cxx11abiTRUE-cp310-cp310-linux_x86_64.whl
      Precompiled wheel not found. Building from source...
      running build
      running build_py
      creating build/lib.linux-x86_64-cpython-310/causal_conv1d
      copying causal_conv1d/__init__.py -> build/lib.linux-x86_64-cpython-310/causal_conv1d
      copying causal_conv1d/causal_conv1d_interface.py -> build/lib.linux-x86_64-cpython-310/causal_conv1d
      copying causal_conv1d/cpp_functions.py -> build/lib.linux-x86_64-cpython-310/causal_conv1d
      copying causal_conv1d/causal_conv1d_varlen.py -> build/lib.linux-x86_64-cpython-310/causal_conv1d
      running build_ext
      Traceback (most recent call last):
        File "<string>", line 330, in run
        File "/usr/lib/python3.10/urllib/request.py", line 241, in urlretrieve
          with contextlib.closing(urlopen(url, data)) as fp:
        File "/usr/lib/python3.10/urllib/request.py", line 216, in urlopen
          return opener.open(url, data, timeout)
        File "/usr/lib/python3.10/urllib/request.py", line 525, in open
          response = meth(req, response)
        File "/usr/lib/python3.10/urllib/request.py", line 634, in http_response
          response = self.parent.error(
        File "/usr/lib/python3.10/urllib/request.py", line 563, in error
          return self._call_chain(*args)
        File "/usr/lib/python3.10/urllib/request.py", line 496, in _call_chain
          result = func(*args)
        File "/usr/lib/python3.10/urllib/request.py", line 643, in http_error_default
          raise HTTPError(req.full_url, code, msg, hdrs, fp)
      urllib.error.HTTPError: HTTP Error 404: Not Found
      
      During handling of the above exception, another exception occurred:
      
      Traceback (most recent call last):
        File "/home/ubuntu/venv/lib/python3.10/site-packages/pip/_vendor/pyproject_hooks/_in_process/_in_process.py", line 389, in <module>
          main()
        File "/home/ubuntu/venv/lib/python3.10/site-packages/pip/_vendor/pyproject_hooks/_in_process/_in_process.py", line 373, in main
          json_out["return_val"] = hook(**hook_input["kwargs"])
        File "/home/ubuntu/venv/lib/python3.10/site-packages/pip/_vendor/pyproject_hooks/_in_process/_in_process.py", line 280, in build_wheel
          return _build_backend().build_wheel(
        File "/tmp/pip-build-env-gne7lsut/overlay/lib/python3.10/site-packages/setuptools/build_meta.py", line 441, in build_wheel
          return _build(['bdist_wheel', '--dist-info-dir', str(metadata_directory)])
        File "/tmp/pip-build-env-gne7lsut/overlay/lib/python3.10/site-packages/setuptools/build_meta.py", line 429, in _build
          return self._build_with_temp_dir(
        File "/tmp/pip-build-env-gne7lsut/overlay/lib/python3.10/site-packages/setuptools/build_meta.py", line 410, in _build_with_temp_dir
          self.run_setup()
        File "/tmp/pip-build-env-gne7lsut/overlay/lib/python3.10/site-packages/setuptools/build_meta.py", line 317, in run_setup
          exec(code, locals())  # noqa: S102 # exec is intentional here
        File "<string>", line 350, in <module>
        File "/tmp/pip-build-env-gne7lsut/overlay/lib/python3.10/site-packages/setuptools/__init__.py", line 117, in setup
          return distutils.core.setup(**attrs)  # type: ignore[return-value]
        File "/tmp/pip-build-env-gne7lsut/overlay/lib/python3.10/site-packages/setuptools/_distutils/core.py", line 168, in setup
          return run_commands(dist)
        File "/tmp/pip-build-env-gne7lsut/overlay/lib/python3.10/site-packages/setuptools/_distutils/core.py", line 184, in run_commands
          dist.run_commands()
        File "/tmp/pip-build-env-gne7lsut/overlay/lib/python3.10/site-packages/setuptools/_distutils/dist.py", line 1028, in run_commands
          self.run_command(cmd)
        File "/tmp/pip-build-env-gne7lsut/overlay/lib/python3.10/site-packages/setuptools/dist.py", line 1106, in run_command
          super().run_command(command)
        File "/tmp/pip-build-env-gne7lsut/overlay/lib/python3.10/site-packages/setuptools/_distutils/dist.py", line 1047, in run_command
          cmd_obj.run()
        File "<string>", line 347, in run
        File "/tmp/pip-build-env-gne7lsut/overlay/lib/python3.10/site-packages/setuptools/command/bdist_wheel.py", line 385, in run
          self.run_command("build")
        File "/tmp/pip-build-env-gne7lsut/overlay/lib/python3.10/site-packages/setuptools/_distutils/cmd.py", line 342, in run_command
          self.distribution.run_command(command)
        File "/tmp/pip-build-env-gne7lsut/overlay/lib/python3.10/site-packages/setuptools/dist.py", line 1106, in run_command
          super().run_command(command)
        File "/tmp/pip-build-env-gne7lsut/overlay/lib/python3.10/site-packages/setuptools/_distutils/dist.py", line 1047, in run_command
          cmd_obj.run()
        File "/tmp/pip-build-env-gne7lsut/overlay/lib/python3.10/site-packages/setuptools/_distutils/command/build.py", line 137, in run
          self.run_command(cmd_name)
        File "/tmp/pip-build-env-gne7lsut/overlay/lib/python3.10/site-packages/setuptools/_distutils/cmd.py", line 342, in run_command
          self.distribution.run_command(command)
        File "/tmp/pip-build-env-gne7lsut/overlay/lib/python3.10/site-packages/setuptools/dist.py", line 1106, in run_command
          super().run_command(command)
        File "/tmp/pip-build-env-gne7lsut/overlay/lib/python3.10/site-packages/setuptools/_distutils/dist.py", line 1047, in run_command
          cmd_obj.run()
        File "/tmp/pip-build-env-gne7lsut/overlay/lib/python3.10/site-packages/setuptools/command/build_ext.py", line 95, in run
          _build_ext.run(self)
        File "/tmp/pip-build-env-gne7lsut/overlay/lib/python3.10/site-packages/setuptools/_distutils/command/build_ext.py", line 382, in run
          self.build_extensions()
        File "/tmp/pip-build-env-gne7lsut/overlay/lib/python3.10/site-packages/torch/utils/cpp_extension.py", line 822, in build_extensions
          _check_cuda_version(compiler_name, compiler_version)
        File "/tmp/pip-build-env-gne7lsut/overlay/lib/python3.10/site-packages/torch/utils/cpp_extension.py", line 651, in _check_cuda_version
          raise RuntimeError(CUDA_MISMATCH_MESSAGE, cuda_str_version, torch.version.cuda)
      RuntimeError: ('The detected CUDA version (%s) mismatches the version that was used to compilePyTorch (%s). Please make sure to use the same CUDA versions.', '12.8', '13.0')
      [end of output]
  
  note: This error originates from a subprocess, and is likely not a problem with pip.
  ERROR: Failed building wheel for causal-conv1d
error: failed-wheel-build-for-install

× Failed to build installable wheels for some pyproject.toml based projects
╰─> causal-conv1d
