arm=baseline  params=23.2M  vocab=16384  device=cuda
  step      0  loss  9.763    0.0 min
  saved branch checkpoint at step 256
  step    500  loss  5.588    0.8 min
  step   1000  loss  5.013    1.6 min
  step   1500  loss  4.763    2.5 min
  step   2000  loss  4.579    3.3 min
  step   2500  loss  4.405    4.1 min
  step   3000  loss  4.271    4.9 min
  step   3500  loss  4.169    5.7 min
  step   4000  loss  4.098    6.5 min
  step   4500  loss  4.041    7.4 min
  step   5000  loss  3.986    8.2 min
  step   5500  loss  3.945    9.0 min
  step   6000  loss  3.903    9.8 min
  step   6500  loss  3.865   10.6 min
  step   7000  loss  3.826   11.4 min
  step   7500  loss  3.805   12.3 min
  step   8000  loss  3.753   13.1 min
  step   8500  loss  3.745   13.9 min
  step   9000  loss  3.720   14.7 min
  step   9500  loss  3.696   15.5 min
  step  10000  loss  3.667   16.3 min
  step  10500  loss  3.663   17.2 min
  step  11000  loss  3.638   18.0 min
  step  11500  loss  3.627   18.8 min
  step  12000  loss  3.615   19.6 min
  step  12500  loss  3.598   20.4 min
  step  13000  loss  3.594   21.2 min
  step  13500  loss  3.584   22.1 min

arm=baseline  val loss 3.6300  (22.9 min)
saved -> runs/s0/baseline
