resumed from runs/s0/branch_256.pt at step 256
arm=freeze  params=23.2M  vocab=16384  device=cuda
  reinit: 2185 rows adjusted (true count < 100)
  freeze: 2185 rows held fixed for the rest of training
  step    500  loss  5.599    0.5 min
  step   1000  loss  5.052    1.6 min
  step   1500  loss  4.787    2.5 min
  step   2000  loss  4.618    3.5 min
  step   2500  loss  4.450    4.4 min
  step   3000  loss  4.317    5.4 min
  step   3500  loss  4.202    6.3 min
  step   4000  loss  4.133    7.2 min
  step   4500  loss  4.072    8.3 min
  step   5000  loss  4.021    9.2 min
  step   5500  loss  3.973   10.3 min
  step   6000  loss  3.933   11.4 min
  step   6500  loss  3.896   12.4 min
  step   7000  loss  3.862   13.4 min
  step   7500  loss  3.833   14.4 min
  step   8000  loss  3.792   15.4 min
  step   8500  loss  3.766   16.4 min
  step   9000  loss  3.747   17.5 min
  step   9500  loss  3.727   18.6 min
  step  10000  loss  3.697   19.7 min
  step  10500  loss  3.694   20.8 min
  step  11000  loss  3.673   21.8 min
  step  11500  loss  3.649   22.9 min
  step  12000  loss  3.636   24.0 min
  step  12500  loss  3.635   24.8 min
  step  13000  loss  3.612   25.8 min
  step  13500  loss  3.601   26.7 min

arm=freeze  val loss 3.6598  (27.6 min)
saved -> runs/s0/freeze
