resumed from runs/s0/branch_256.pt at step 256
arm=mask  params=23.2M  vocab=16384  device=cuda
  mask: 711 never-occurring tokens removed from softmax
  step    500  loss  5.571    0.4 min
  step   1000  loss  5.030    1.3 min
  step   1500  loss  4.765    2.2 min
  step   2000  loss  4.594    3.1 min
  step   2500  loss  4.424    3.9 min
  step   3000  loss  4.292    4.7 min
  step   3500  loss  4.177    5.5 min
  step   4000  loss  4.108    6.3 min
  step   4500  loss  4.046    7.1 min
  step   5000  loss  3.995    8.0 min
  step   5500  loss  3.947    8.9 min
  step   6000  loss  3.907    9.8 min
  step   6500  loss  3.870   10.7 min
  step   7000  loss  3.836   11.7 min
  step   7500  loss  3.809   12.5 min
  step   8000  loss  3.768   13.4 min
  step   8500  loss  3.744   14.3 min
  step   9000  loss  3.724   15.1 min
  step   9500  loss  3.704   16.0 min
  step  10000  loss  3.675   16.9 min
  step  10500  loss  3.671   17.9 min
  step  11000  loss  3.652   18.8 min
  step  11500  loss  3.628   19.8 min
  step  12000  loss  3.615   20.7 min
  step  12500  loss  3.613   21.6 min
  step  13000  loss  3.592   22.6 min
  step  13500  loss  3.580   23.5 min

arm=mask  val loss 3.6376  (24.5 min)
saved -> runs/s0/mask
