resumed from runs/s0/branch_256.pt at step 256
arm=reinit  params=23.2M  vocab=16384  device=cuda
  reinit: 2185 rows adjusted (true count < 100)
  step    500  loss  5.570    0.4 min
  step   1000  loss  5.028    1.3 min
  step   1500  loss  4.764    2.2 min
  step   2000  loss  4.594    3.1 min
  step   2500  loss  4.424    3.9 min
  step   3000  loss  4.292    4.7 min
  step   3500  loss  4.177    5.5 min
  step   4000  loss  4.108    6.3 min
  step   4500  loss  4.046    7.1 min
  step   5000  loss  3.996    8.0 min
  step   5500  loss  3.948    8.9 min
  step   6000  loss  3.909    9.8 min
  step   6500  loss  3.872   10.7 min
  step   7000  loss  3.838   11.6 min
  step   7500  loss  3.810   12.4 min
  step   8000  loss  3.769   13.3 min
  step   8500  loss  3.745   14.3 min
  step   9000  loss  3.725   15.1 min
  step   9500  loss  3.706   16.0 min
  step  10000  loss  3.677   16.9 min
  step  10500  loss  3.673   17.8 min
  step  11000  loss  3.653   18.8 min
  step  11500  loss  3.629   19.7 min
  step  12000  loss  3.616   20.6 min
  step  12500  loss  3.614   21.6 min
  step  13000  loss  3.593   22.5 min
  step  13500  loss  3.581   23.5 min

arm=reinit  val loss 3.6394  (24.4 min)
saved -> runs/s0/reinit
