arm=baseline  params=23.2M  vocab=16384  device=cuda
  step      0  loss  9.793    0.0 min
  saved branch checkpoint at step 256
  step    500  loss  5.589    0.8 min
  step   1000  loss  5.017    1.7 min
  step   1500  loss  4.779    2.5 min
  step   2000  loss  4.571    3.3 min
  step   2500  loss  4.402    4.1 min
  step   3000  loss  4.266    4.9 min
  step   3500  loss  4.175    5.7 min
  step   4000  loss  4.107    6.6 min
  step   4500  loss  4.048    7.4 min
  step   5000  loss  3.997    8.2 min
  step   5500  loss  3.964    9.0 min
  step   6000  loss  3.913    9.8 min
  step   6500  loss  3.886   10.6 min
  step   7000  loss  3.854   11.5 min
  step   7500  loss  3.815   12.3 min
  step   8000  loss  3.787   13.1 min
  step   8500  loss  3.755   13.9 min
  step   9000  loss  3.731   14.7 min
  step   9500  loss  3.700   15.5 min
  step  10000  loss  3.684   16.4 min
  step  10500  loss  3.660   17.2 min
  step  11000  loss  3.640   18.0 min
  step  11500  loss  3.637   18.8 min
  step  12000  loss  3.621   19.6 min
  step  12500  loss  3.614   20.4 min
  step  13000  loss  3.603   21.3 min
  step  13500  loss  3.590   22.1 min

arm=baseline  val loss 3.6450  (22.9 min)
saved -> runs/s1/baseline
