resumed from runs/s1/branch_256.pt at step 256
arm=mask  params=23.2M  vocab=16384  device=cuda
  mask: 711 never-occurring tokens removed from softmax
  step    500  loss  5.560    0.5 min
  step   1000  loss  5.034    1.3 min
  step   1500  loss  4.765    2.1 min
  step   2000  loss  4.597    2.9 min
  step   2500  loss  4.435    3.7 min
  step   3000  loss  4.281    4.5 min
  step   3500  loss  4.184    5.3 min
  step   4000  loss  4.113    6.1 min
  step   4500  loss  4.058    6.9 min
  step   5000  loss  4.007    7.7 min
  step   5500  loss  3.959    8.4 min
  step   6000  loss  3.927    9.2 min
  step   6500  loss  3.876   10.0 min
  step   7000  loss  3.844   10.8 min
  step   7500  loss  3.824   11.6 min
  step   8000  loss  3.781   12.4 min
  step   8500  loss  3.748   13.2 min
  step   9000  loss  3.736   14.0 min
  step   9500  loss  3.712   14.8 min
  step  10000  loss  3.681   15.6 min
  step  10500  loss  3.687   16.4 min
  step  11000  loss  3.660   17.2 min
  step  11500  loss  3.639   18.0 min
  step  12000  loss  3.625   18.8 min
  step  12500  loss  3.613   19.6 min
  step  13000  loss  3.610   20.4 min
  step  13500  loss  3.594   21.2 min

arm=mask  val loss 3.6434  (22.0 min)
saved -> runs/s1/mask
