resumed from runs/s1/branch_256.pt at step 256
arm=reinit  params=23.2M  vocab=16384  device=cuda
  reinit: 2185 rows adjusted (true count < 100)
  step    500  loss  5.560    0.4 min
  step   1000  loss  5.033    1.3 min
  step   1500  loss  4.764    2.2 min
  step   2000  loss  4.594    3.1 min
  step   2500  loss  4.433    3.9 min
  step   3000  loss  4.280    4.7 min
  step   3500  loss  4.185    5.5 min
  step   4000  loss  4.115    6.3 min
  step   4500  loss  4.059    7.1 min
  step   5000  loss  4.008    8.0 min
  step   5500  loss  3.960    8.9 min
  step   6000  loss  3.927    9.8 min
  step   6500  loss  3.877   10.7 min
  step   7000  loss  3.843   11.6 min
  step   7500  loss  3.824   12.4 min
  step   8000  loss  3.781   13.3 min
  step   8500  loss  3.747   14.3 min
  step   9000  loss  3.735   15.1 min
  step   9500  loss  3.712   16.0 min
  step  10000  loss  3.681   16.9 min
  step  10500  loss  3.687   17.8 min
  step  11000  loss  3.658   18.8 min
  step  11500  loss  3.638   19.7 min
  step  12000  loss  3.624   20.6 min
  step  12500  loss  3.612   21.6 min
  step  13000  loss  3.608   22.5 min
  step  13500  loss  3.592   23.4 min

arm=reinit  val loss 3.6417  (24.4 min)
saved -> runs/s1/reinit
