resumed from runs/s3/branch_256.pt at step 256
arm=freeze  params=23.2M  vocab=16384  device=cuda
  reinit: 2185 rows adjusted (true count < 100)
  freeze: 2185 rows held fixed for the rest of training
  step    500  loss  5.599    0.4 min
  step   1000  loss  5.041    1.3 min
  step   1500  loss  4.797    2.2 min
  step   2000  loss  4.608    3.1 min
  step   2500  loss  4.438    4.0 min
  step   3000  loss  4.294    4.9 min
  step   3500  loss  4.202    5.8 min
  step   4000  loss  4.123    6.8 min
  step   4500  loss  4.059    7.7 min
  step   5000  loss  4.000    8.6 min
  step   5500  loss  3.958    9.5 min
  step   6000  loss  3.927   10.4 min
  step   6500  loss  3.872   11.4 min
  step   7000  loss  3.849   12.3 min
  step   7500  loss  3.810   13.2 min
  step   8000  loss  3.776   14.1 min
  step   8500  loss  3.758   15.1 min
  step   9000  loss  3.732   16.0 min
  step   9500  loss  3.712   16.9 min
  step  10000  loss  3.698   17.8 min
  step  10500  loss  3.670   18.7 min
  step  11000  loss  3.659   19.6 min
  step  11500  loss  3.644   20.4 min
  step  12000  loss  3.621   21.4 min
  step  12500  loss  3.601   22.4 min
  step  13000  loss  3.610   23.3 min
  step  13500  loss  3.585   24.1 min

arm=freeze  val loss 3.6452  (25.0 min)
saved -> runs/s3/freeze
