resumed from runs/s4/branch_256.pt at step 256
arm=freeze  params=23.2M  vocab=16384  device=cuda
  reinit: 2185 rows adjusted (true count < 100)
  freeze: 2185 rows held fixed for the rest of training
  step    500  loss  5.612    0.4 min
  step   1000  loss  5.040    1.3 min
  step   1500  loss  4.788    2.4 min
  step   2000  loss  4.620    3.3 min
  step   2500  loss  4.462    4.1 min
  step   3000  loss  4.325    5.0 min
  step   3500  loss  4.219    5.8 min
  step   4000  loss  4.138    6.7 min
  step   4500  loss  4.083    7.6 min
  step   5000  loss  4.011    8.5 min
  step   5500  loss  3.984    9.4 min
  step   6000  loss  3.939   10.4 min
  step   6500  loss  3.900   11.3 min
  step   7000  loss  3.850   12.2 min
  step   7500  loss  3.835   13.1 min
  step   8000  loss  3.790   14.0 min
  step   8500  loss  3.756   14.9 min
  step   9000  loss  3.754   15.8 min
  step   9500  loss  3.719   16.8 min
  step  10000  loss  3.701   17.7 min
  step  10500  loss  3.677   18.6 min
  step  11000  loss  3.673   19.5 min
  step  11500  loss  3.647   20.4 min
  step  12000  loss  3.630   21.3 min
  step  12500  loss  3.619   22.2 min
  step  13000  loss  3.616   23.0 min
  step  13500  loss  3.619   23.9 min

arm=freeze  val loss 3.6581  (24.8 min)
saved -> runs/s4/freeze
