resumed from runs/s5/branch_256.pt at step 256
arm=reinit  params=23.2M  vocab=16384  device=cuda
  reinit: 2185 rows adjusted (true count < 100)
  step    500  loss  5.586    0.4 min
  step   1000  loss  5.047    1.2 min
  step   1500  loss  4.794    2.0 min
  step   2000  loss  4.603    2.8 min
  step   2500  loss  4.470    3.6 min
  step   3000  loss  4.313    4.4 min
  step   3500  loss  4.216    5.2 min
  step   4000  loss  4.127    5.9 min
  step   4500  loss  4.059    6.7 min
  step   5000  loss  4.010    7.5 min
  step   5500  loss  3.972    8.3 min
  step   6000  loss  3.913    9.1 min
  step   6500  loss  3.890    9.9 min
  step   7000  loss  3.838   10.7 min
  step   7500  loss  3.823   11.5 min
  step   8000  loss  3.776   12.3 min
  step   8500  loss  3.746   13.1 min
  step   9000  loss  3.726   13.9 min
  step   9500  loss  3.718   14.7 min
  step  10000  loss  3.691   15.5 min
  step  10500  loss  3.679   16.2 min
  step  11000  loss  3.650   17.0 min
  step  11500  loss  3.645   17.7 min
  step  12000  loss  3.623   18.5 min
  step  12500  loss  3.619   19.2 min
  step  13000  loss  3.607   20.0 min
  step  13500  loss  3.602   20.8 min

arm=reinit  val loss 3.6495  (21.6 min)
saved -> runs/s5/reinit
