Warning: You are sending unauthenticated requests to the HF Hub. Please set a HF_TOKEN to enable higher rate limits and faster downloads.
Loading weights:   0%|          | 0/179 [00:00<?, ?it/s]Loading weights:  70%|███████   | 126/179 [00:00<00:00, 1258.53it/s]Loading weights: 100%|██████████| 179/179 [00:00<00:00, 1318.54it/s]
allenai/OLMo-2-0425-1B: V=100352 tied=False |E_in| 10.6527
  copy probe over full vocab...
Loading weights:   0%|          | 0/179 [00:00<?, ?it/s]Loading weights:  44%|████▍     | 79/179 [00:00<00:00, 782.97it/s]Loading weights: 100%|██████████| 179/179 [00:00<00:00, 1044.75it/s]
allenai/OLMo-2-0425-1B-SFT: V=100352 tied=False |E_in| 9.8247
  copy probe over full vocab...
Loading weights:   0%|          | 0/179 [00:00<?, ?it/s]Loading weights:  58%|█████▊    | 104/179 [00:00<00:00, 1000.36it/s]Loading weights: 100%|██████████| 179/179 [00:00<00:00, 1194.63it/s]
allenai/OLMo-2-0425-1B-DPO: V=100352 tied=False |E_in| 9.8247
  copy probe over full vocab...
Loading weights:   0%|          | 0/179 [00:00<?, ?it/s]Loading weights:  40%|████      | 72/179 [00:00<00:00, 719.59it/s]Loading weights: 100%|██████████| 179/179 [00:00<00:00, 994.20it/s]
allenai/OLMo-2-0425-1B-Instruct: V=100352 tied=False |E_in| 9.8247
  copy probe over full vocab...

==============================================================================
1. COVERAGE -- how much of the vocabulary does each stage actually touch?
==============================================================================
                        transition | zero-resid rows |    frac | median resid
------------------------------------------------------------------------------
                         1B -> SFT |               2 |  0.0000 |    1.439e+01
                        SFT -> DPO |            2696 |  0.0269 |    1.411e-03
                   DPO -> Instruct |            1683 |  0.0168 |    3.621e-04

==============================================================================
2. DAMAGE -- glitch sets per stage, defined by the copy probe
==============================================================================
threshold = base-model 1.0th pct of copy-logprob = -14.308
                             stage | n below thr |   mean lp | new vs base |  healed
----------------------------------------------------------------------------------
            allenai/OLMo-2-0425-1B |        1004 |    -3.704 |           0 |       0
        allenai/OLMo-2-0425-1B-SFT |         523 |    -3.013 |         178 |     659
        allenai/OLMo-2-0425-1B-DPO |         763 |    -3.353 |         401 |     642
   allenai/OLMo-2-0425-1B-Instruct |         924 |    -3.600 |         522 |     602

rank-based (worst 1.0% WITHIN each stage, shift-invariant):
                             stage | overlap w/ base |    new |  jaccard
------------------------------------------------------------------------
            allenai/OLMo-2-0425-1B |            1004 |      0 |    1.000
        allenai/OLMo-2-0425-1B-SFT |             461 |    543 |    0.298
        allenai/OLMo-2-0425-1B-DPO |             419 |    585 |    0.264
   allenai/OLMo-2-0425-1B-Instruct |             418 |    586 |    0.263

  rank-based newly-glitched examples: ["'{\\r\\n'", "'.Add'", "'\\tthis'", "'\\tString'", "'ccording'", "'\\tswitch'", "'\\tvirtual'", "'\\tget'", "'/**************", "'ESSAGE'", "'(){\\r\\n'", "'*/\\r\\n'", "'=>{\\n'", "'\\\\Request'", "'spNet'"]

tokens healthy at base but below threshold after post-training: 586
  examples: ["'{\\r\\n'", "'.Add'", "'\\tthis'", "'\\tString'", "'ccording'", "'\\tswitch'", "'\\tvirtual'", "'\\tget'", "'/**************", "'ESSAGE'", "'(){\\r\\n'", "'*/\\r\\n'", "'=>{\\n'", "'\\\\Request'", "'spNet'"]

==============================================================================
3. DOES POST-TRAINING GRADIENT SPARSITY PREDICT THE DAMAGE?
AUC of (low token-specific residual during post-training) vs (degraded)
==============================================================================
                         predictor |  AUC vs newly-glitched |  spearman vs delta lp
----------------------------------------------------------------------------------
         total post-train residual |                  0.728 |                 0.034
                 base copy-logprob |                  0.892 |                -0.251
             residual, non-ws only |                  0.727 |                 0.033

CONTROL: how much do glitch rows move during post-training at all?
                        transition | total ratio | resid ratio
--------------------------------------------------------------
                         1B -> SFT |       0.656 |       0.659
                        SFT -> DPO |       0.354 |       0.354
                   DPO -> Instruct |       0.343 |       0.343

saved -> results/stagewise.json
